warning: unused import: `WTS_CURRENT_SESSION`
  --> src\power.rs:15:71
   |
15 |     WTSRegisterSessionNotification, WTSUnRegisterSessionNotification, WTS_CURRENT_SESSION,
   |                                                                       ^^^^^^^^^^^^^^^^^^^
   |
   = note: `#[warn(unused_imports)]` (part of `#[warn(unused)]`) on by default

warning: method `state` is never used
  --> src\monitor.rs:86:12
   |
72 | impl Monitor {
   | ------------ method in this implementation
...
86 |     pub fn state(&self) -> ActivityState {
   |            ^^^^^
   |
   = note: `#[warn(dead_code)]` (part of `#[warn(unused)]`) on by default

warning: field `process_id` is never read
  --> src\windows.rs:39:9
   |
36 | pub struct ActiveWindow {
   |            ------------ field in this struct
...
39 |     pub process_id: u32,
   |         ^^^^^^^^^^
   |
   = note: `ActiveWindow` has derived impls for the traits `Clone` and `Debug`, but these are intentionally ignored during dead code analysis

warning: direct cast of function item into an integer
  --> src\power.rs:63:63
   |
63 |             SetWindowLongPtrW(hwnd, GWLP_WNDPROC, window_proc as isize);
   |                                                               ^^^^^^^^
   |
   = note: `#[warn(function_casts_as_integer)]` on by default
help: first cast to a pointer `as *const ()`
   |
63 |             SetWindowLongPtrW(hwnd, GWLP_WNDPROC, window_proc as *const () as isize);
   |                                                               ++++++++++++

warning: linker stdout: Creando biblioteca E:\Proyectos con Next.js\app-monitor-desktop\src-tauri\target\debug\deps\app_monitor_lib.dll.lib y objeto E:\Proyectos con Next.js\app-monitor-desktop\src-tauri\target\debug\deps\app_monitor_lib.dll.exp
  |
  = note: `#[warn(linker_messages)]` on by default

warning: field `process_id` is never read
  --> src\windows.rs:39:9
   |
36 | pub struct ActiveWindow {
   |            ------------ field in this struct
...
39 |     pub process_id: u32,
   |         ^^^^^^^^^^
   |
   = note: `ActiveWindow` has derived impls for the traits `Clone` and `Debug`, but these are intentionally ignored during dead code analysis
   = note: `#[warn(dead_code)]` (part of `#[warn(unused)]`) on by default

warning: `app-monitor` (lib) generated 5 warnings (run `cargo fix --lib -p app-monitor` to apply 2 suggestions)
warning: `app-monitor` (lib test) generated 3 warnings (2 duplicates)
    Finished `test` profile [unoptimized + debuginfo] target(s) in 1.41s
     Running unittests src\lib.rs (target\debug\deps\app_monitor_lib-e677f07552302955.exe)

running 6 tests
test monitor::tests::clear_empties_everything ... ok
test monitor::tests::closes_previous_session_when_process_changes ... ok
test monitor::tests::does_not_duplicate_session_for_same_process ... ok
test monitor::tests::idle_marks_session_as_idle ... ok
test monitor::tests::starts_new_session_on_first_tick ... ok
test monitor::tests::locks_close_active_session ... ok

test result: ok. 6 passed; 0 failed; 0 ignored; 0 measured; 0 filtered out; finished in 0.00s

     Running unittests src\main.rs (target\debug\deps\app_monitor-a09b303dd84a8d5f.exe)

running 0 tests

test result: ok. 0 passed; 0 failed; 0 ignored; 0 measured; 0 filtered out; finished in 0.00s

   Doc-tests app_monitor_lib

running 0 tests

test result: ok. 0 passed; 0 failed; 0 ignored; 0 measured; 0 filtered out; finished in 0.00s

EXIT_CODE=0 
